// Vitest Snapshot v1, https://vitest.dev/guide/snapshot.html

exports[`SecretsConfigurationStack > Snapshot Test > should match CloudFormation template snapshot 1`] = `
{
  "Outputs": {
    "GitCredentialsSecretArn": {
      "Description": "ARN of the Git credentials secret",
      "Export": {
        "Name": "TestSecretsStack-GitCredentialsSecretArn",
      },
      "Value": {
        "Ref": "GitCredentialsSecret97F1E43D",
      },
    },
    "GitCredentialsSecretName": {
      "Description": "Name of the Git credentials secret (POPULATE AFTER DEPLOYMENT)",
      "Export": {
        "Name": "TestSecretsStack-GitCredentialsSecretName",
      },
      "Value": {
        "Fn::Join": [
          "-",
          [
            {
              "Fn::Select": [
                0,
                {
                  "Fn::Split": [
                    "-",
                    {
                      "Fn::Select": [
                        6,
                        {
                          "Fn::Split": [
                            ":",
                            {
                              "Ref": "GitCredentialsSecret97F1E43D",
                            },
                          ],
                        },
                      ],
                    },
                  ],
                },
              ],
            },
            {
              "Fn::Select": [
                1,
                {
                  "Fn::Split": [
                    "-",
                    {
                      "Fn::Select": [
                        6,
                        {
                          "Fn::Split": [
                            ":",
                            {
                              "Ref": "GitCredentialsSecret97F1E43D",
                            },
                          ],
                        },
                      ],
                    },
                  ],
                },
              ],
            },
            {
              "Fn::Select": [
                2,
                {
                  "Fn::Split": [
                    "-",
                    {
                      "Fn::Select": [
                        6,
                        {
                          "Fn::Split": [
                            ":",
                            {
                              "Ref": "GitCredentialsSecret97F1E43D",
                            },
                          ],
                        },
                      ],
                    },
                  ],
                },
              ],
            },
            {
              "Fn::Select": [
                3,
                {
                  "Fn::Split": [
                    "-",
                    {
                      "Fn::Select": [
                        6,
                        {
                          "Fn::Split": [
                            ":",
                            {
                              "Ref": "GitCredentialsSecret97F1E43D",
                            },
                          ],
                        },
                      ],
                    },
                  ],
                },
              ],
            },
            {
              "Fn::Select": [
                4,
                {
                  "Fn::Split": [
                    "-",
                    {
                      "Fn::Select": [
                        6,
                        {
                          "Fn::Split": [
                            ":",
                            {
                              "Ref": "GitCredentialsSecret97F1E43D",
                            },
                          ],
                        },
                      ],
                    },
                  ],
                },
              ],
            },
          ],
        ],
      },
    },
    "GitHubProjectConfigParameterArn": {
      "Description": "ARN of the GitHub Project configuration parameter",
      "Export": {
        "Name": "TestSecretsStack-GitHubProjectConfigParameterArn",
      },
      "Value": {
        "Fn::Join": [
          "",
          [
            "arn:",
            {
              "Ref": "AWS::Partition",
            },
            ":ssm:us-east-1:123456789012:parameter",
            {
              "Ref": "GitHubProjectConfigParameterE38DA00D",
            },
          ],
        ],
      },
    },
    "GitHubProjectConfigParameterName": {
      "Description": "Name of the GitHub Project configuration parameter (POPULATE AFTER DEPLOYMENT)",
      "Export": {
        "Name": "TestSecretsStack-GitHubProjectConfigParameterName",
      },
      "Value": {
        "Ref": "GitHubProjectConfigParameterE38DA00D",
      },
    },
    "GitHubTokenSecretArn": {
      "Description": "ARN of the GitHub API token secret",
      "Export": {
        "Name": "TestSecretsStack-GitHubTokenSecretArn",
      },
      "Value": {
        "Ref": "GitHubTokenSecret09BC4210",
      },
    },
    "GitHubTokenSecretName": {
      "Description": "Name of the GitHub API token secret (POPULATE AFTER DEPLOYMENT)",
      "Export": {
        "Name": "TestSecretsStack-GitHubTokenSecretName",
      },
      "Value": {
        "Fn::Join": [
          "-",
          [
            {
              "Fn::Select": [
                0,
                {
                  "Fn::Split": [
                    "-",
                    {
                      "Fn::Select": [
                        6,
                        {
                          "Fn::Split": [
                            ":",
                            {
                              "Ref": "GitHubTokenSecret09BC4210",
                            },
                          ],
                        },
                      ],
                    },
                  ],
                },
              ],
            },
            {
              "Fn::Select": [
                1,
                {
                  "Fn::Split": [
                    "-",
                    {
                      "Fn::Select": [
                        6,
                        {
                          "Fn::Split": [
                            ":",
                            {
                              "Ref": "GitHubTokenSecret09BC4210",
                            },
                          ],
                        },
                      ],
                    },
                  ],
                },
              ],
            },
            {
              "Fn::Select": [
                2,
                {
                  "Fn::Split": [
                    "-",
                    {
                      "Fn::Select": [
                        6,
                        {
                          "Fn::Split": [
                            ":",
                            {
                              "Ref": "GitHubTokenSecret09BC4210",
                            },
                          ],
                        },
                      ],
                    },
                  ],
                },
              ],
            },
            {
              "Fn::Select": [
                3,
                {
                  "Fn::Split": [
                    "-",
                    {
                      "Fn::Select": [
                        6,
                        {
                          "Fn::Split": [
                            ":",
                            {
                              "Ref": "GitHubTokenSecret09BC4210",
                            },
                          ],
                        },
                      ],
                    },
                  ],
                },
              ],
            },
            {
              "Fn::Select": [
                4,
                {
                  "Fn::Split": [
                    "-",
                    {
                      "Fn::Select": [
                        6,
                        {
                          "Fn::Split": [
                            ":",
                            {
                              "Ref": "GitHubTokenSecret09BC4210",
                            },
                          ],
                        },
                      ],
                    },
                  ],
                },
              ],
            },
          ],
        ],
      },
    },
    "GitLabTokenSecretArn": {
      "Description": "ARN of the GitLab API token secret",
      "Export": {
        "Name": "TestSecretsStack-GitLabTokenSecretArn",
      },
      "Value": {
        "Ref": "GitLabTokenSecret3A920B3A",
      },
    },
    "GitLabTokenSecretName": {
      "Description": "Name of the GitLab API token secret (OPTIONAL - populate if using GitLab)",
      "Export": {
        "Name": "TestSecretsStack-GitLabTokenSecretName",
      },
      "Value": {
        "Fn::Join": [
          "-",
          [
            {
              "Fn::Select": [
                0,
                {
                  "Fn::Split": [
                    "-",
                    {
                      "Fn::Select": [
                        6,
                        {
                          "Fn::Split": [
                            ":",
                            {
                              "Ref": "GitLabTokenSecret3A920B3A",
                            },
                          ],
                        },
                      ],
                    },
                  ],
                },
              ],
            },
            {
              "Fn::Select": [
                1,
                {
                  "Fn::Split": [
                    "-",
                    {
                      "Fn::Select": [
                        6,
                        {
                          "Fn::Split": [
                            ":",
                            {
                              "Ref": "GitLabTokenSecret3A920B3A",
                            },
                          ],
                        },
                      ],
                    },
                  ],
                },
              ],
            },
            {
              "Fn::Select": [
                2,
                {
                  "Fn::Split": [
                    "-",
                    {
                      "Fn::Select": [
                        6,
                        {
                          "Fn::Split": [
                            ":",
                            {
                              "Ref": "GitLabTokenSecret3A920B3A",
                            },
                          ],
                        },
                      ],
                    },
                  ],
                },
              ],
            },
            {
              "Fn::Select": [
                3,
                {
                  "Fn::Split": [
                    "-",
                    {
                      "Fn::Select": [
                        6,
                        {
                          "Fn::Split": [
                            ":",
                            {
                              "Ref": "GitLabTokenSecret3A920B3A",
                            },
                          ],
                        },
                      ],
                    },
                  ],
                },
              ],
            },
            {
              "Fn::Select": [
                4,
                {
                  "Fn::Split": [
                    "-",
                    {
                      "Fn::Select": [
                        6,
                        {
                          "Fn::Split": [
                            ":",
                            {
                              "Ref": "GitLabTokenSecret3A920B3A",
                            },
                          ],
                        },
                      ],
                    },
                  ],
                },
              ],
            },
          ],
        ],
      },
    },
    "KMSKeyArn": {
      "Description": "ARN of the KMS key for secrets encryption",
      "Export": {
        "Name": "TestSecretsStack-KMSKeyArn",
      },
      "Value": {
        "Fn::GetAtt": [
          "SecretsKMSKeyC6B112A6",
          "Arn",
        ],
      },
    },
    "KMSKeyId": {
      "Description": "ID of the KMS key for secrets encryption",
      "Export": {
        "Name": "TestSecretsStack-KMSKeyId",
      },
      "Value": {
        "Ref": "SecretsKMSKeyC6B112A6",
      },
    },
    "PostDeploymentInstructions": {
      "Description": "Next steps after deployment",
      "Value": "IMPORTANT: Update secrets and parameters with actual values using AWS Console or CLI",
    },
  },
  "Parameters": {
    "BootstrapVersion": {
      "Default": "/cdk-bootstrap/hnb659fds/version",
      "Description": "Version of the CDK Bootstrap resources in this environment, automatically retrieved from SSM Parameter Store. [cdk:skip]",
      "Type": "AWS::SSM::Parameter::Value<String>",
    },
  },
  "Resources": {
    "GitCredentialsSecret97F1E43D": {
      "DeletionPolicy": "Retain",
      "Properties": {
        "Description": "Git repository credentials for Kiro Worker test environment",
        "KmsKeyId": {
          "Fn::GetAtt": [
            "SecretsKMSKeyC6B112A6",
            "Arn",
          ],
        },
        "Name": "kiro-worker-test-git-credentials",
        "SecretString": "{"username":"PLACEHOLDER","token":"PLACEHOLDER_TOKEN","note":"Replace with actual Git credentials after deployment"}",
        "Tags": [
          {
            "Key": "Component",
            "Value": "Security",
          },
          {
            "Key": "Purpose",
            "Value": "GitCredentials",
          },
        ],
      },
      "Type": "AWS::SecretsManager::Secret",
      "UpdateReplacePolicy": "Retain",
    },
    "GitHubProjectConfigParameterE38DA00D": {
      "Properties": {
        "Description": "GitHub Project configuration for Kiro Worker test environment",
        "Name": "/kiro-worker/test/github-project-config",
        "Tags": {
          "Component": "Configuration",
          "Purpose": "GitHubProject",
        },
        "Tier": "Standard",
        "Type": "String",
        "Value": "{
  "organization": "PLACEHOLDER_ORG",
  "repository": "PLACEHOLDER_REPO",
  "projectNumber": 1,
  "targetStatusColumn": "For Implementation",
  "note": "Replace with actual GitHub Project configuration after deployment"
}",
      },
      "Type": "AWS::SSM::Parameter",
    },
    "GitHubTokenSecret09BC4210": {
      "DeletionPolicy": "Retain",
      "Properties": {
        "Description": "GitHub API token for Kiro Worker test environment",
        "KmsKeyId": {
          "Fn::GetAtt": [
            "SecretsKMSKeyC6B112A6",
            "Arn",
          ],
        },
        "Name": "kiro-worker-test-github-token",
        "SecretString": "{"token":"ghp_PLACEHOLDER_TOKEN","note":"Replace with actual GitHub personal access token (classic or fine-grained) with repo and project permissions"}",
        "Tags": [
          {
            "Key": "Component",
            "Value": "Security",
          },
          {
            "Key": "Purpose",
            "Value": "GitHubAPI",
          },
        ],
      },
      "Type": "AWS::SecretsManager::Secret",
      "UpdateReplacePolicy": "Retain",
    },
    "GitLabTokenSecret3A920B3A": {
      "DeletionPolicy": "Retain",
      "Properties": {
        "Description": "GitLab API token for Kiro Worker test environment (optional)",
        "KmsKeyId": {
          "Fn::GetAtt": [
            "SecretsKMSKeyC6B112A6",
            "Arn",
          ],
        },
        "Name": "kiro-worker-test-gitlab-token",
        "SecretString": "{"token":"glpat-PLACEHOLDER_TOKEN","note":"Replace with actual GitLab personal access token with api scope if using GitLab"}",
        "Tags": [
          {
            "Key": "Component",
            "Value": "Security",
          },
          {
            "Key": "Purpose",
            "Value": "GitLabAPI",
          },
        ],
      },
      "Type": "AWS::SecretsManager::Secret",
      "UpdateReplacePolicy": "Retain",
    },
    "SecretsKMSKeyAlias3DFD2C24": {
      "Properties": {
        "AliasName": "alias/kiro-worker-test-secrets",
        "TargetKeyId": {
          "Fn::GetAtt": [
            "SecretsKMSKeyC6B112A6",
            "Arn",
          ],
        },
      },
      "Type": "AWS::KMS::Alias",
    },
    "SecretsKMSKeyC6B112A6": {
      "DeletionPolicy": "Retain",
      "Properties": {
        "Description": "KMS key for Kiro Worker test secrets and parameters",
        "EnableKeyRotation": true,
        "KeyPolicy": {
          "Statement": [
            {
              "Action": "kms:*",
              "Effect": "Allow",
              "Principal": {
                "AWS": {
                  "Fn::Join": [
                    "",
                    [
                      "arn:",
                      {
                        "Ref": "AWS::Partition",
                      },
                      ":iam::123456789012:root",
                    ],
                  ],
                },
              },
              "Resource": "*",
            },
            {
              "Action": [
                "kms:Decrypt",
                "kms:DescribeKey",
                "kms:CreateGrant",
              ],
              "Condition": {
                "StringEquals": {
                  "kms:ViaService": "secretsmanager.us-east-1.amazonaws.com",
                },
              },
              "Effect": "Allow",
              "Principal": {
                "Service": "secretsmanager.amazonaws.com",
              },
              "Resource": "*",
              "Sid": "AllowSecretsManager",
            },
            {
              "Action": [
                "kms:Decrypt",
                "kms:DescribeKey",
              ],
              "Condition": {
                "StringEquals": {
                  "kms:ViaService": "ssm.us-east-1.amazonaws.com",
                },
              },
              "Effect": "Allow",
              "Principal": {
                "Service": "ssm.amazonaws.com",
              },
              "Resource": "*",
              "Sid": "AllowSystemsManager",
            },
            {
              "Action": [
                "kms:Decrypt",
                "kms:Encrypt",
                "kms:ReEncrypt*",
                "kms:GenerateDataKey*",
              ],
              "Condition": {
                "StringEquals": {
                  "kms:ViaService": "secretsmanager.us-east-1.amazonaws.com",
                },
              },
              "Effect": "Allow",
              "Principal": {
                "AWS": {
                  "Fn::Join": [
                    "",
                    [
                      "arn:",
                      {
                        "Ref": "AWS::Partition",
                      },
                      ":iam::123456789012:root",
                    ],
                  ],
                },
              },
              "Resource": "*",
            },
            {
              "Action": [
                "kms:CreateGrant",
                "kms:DescribeKey",
              ],
              "Condition": {
                "StringEquals": {
                  "kms:ViaService": "secretsmanager.us-east-1.amazonaws.com",
                },
              },
              "Effect": "Allow",
              "Principal": {
                "AWS": {
                  "Fn::Join": [
                    "",
                    [
                      "arn:",
                      {
                        "Ref": "AWS::Partition",
                      },
                      ":iam::123456789012:root",
                    ],
                  ],
                },
              },
              "Resource": "*",
            },
          ],
          "Version": "2012-10-17",
        },
        "Tags": [
          {
            "Key": "Component",
            "Value": "Security",
          },
          {
            "Key": "Purpose",
            "Value": "SecretsEncryption",
          },
        ],
      },
      "Type": "AWS::KMS::Key",
      "UpdateReplacePolicy": "Retain",
    },
  },
  "Rules": {
    "CheckBootstrapVersion": {
      "Assertions": [
        {
          "Assert": {
            "Fn::Not": [
              {
                "Fn::Contains": [
                  [
                    "1",
                    "2",
                    "3",
                    "4",
                    "5",
                  ],
                  {
                    "Ref": "BootstrapVersion",
                  },
                ],
              },
            ],
          },
          "AssertDescription": "CDK bootstrap stack version 6 required. Please run 'cdk bootstrap' with a recent version of the CDK CLI.",
        },
      ],
    },
  },
}
`;
